// Jest Snapshot v1, https://goo.gl/fbAQLP

exports[`mutationSchema should match snapshot 1`] = `"RootMutation"`;
