// Jest Snapshot v1, https://goo.gl/fbAQLP

exports[`querySchema should match snapshot 1`] = `"RootQuery"`;
